// Jest Snapshot v1, https://goo.gl/fbAQLP

exports[`SearchResults renders correctly renders correctly 1`] = `
<div>
  <div
    class="search-results"
    data-testid="search-results"
  >
    <button
      class="return"
    >
      <svg>
        back-arrow.svg
      </svg>
      Results for "
      content
      "
    </button>
    <ul
      class="search-results-list"
    >
      <li
        class="help-item"
      >
        <div
          class="help-list-icon"
        >
          <svg
            class="help-icon"
          >
            Walkthru.svg
          </svg>
        </div>
        <div
          class="help-item-text"
        >
          <div
            class="title"
          >
            Content smart-walkthru-280
          </div>
          <div
            class="description"
          >
            Description for smart-walkthru-280
          </div>
        </div>
      </li>
      <li
        class="help-item"
      >
        <div
          class="help-list-icon"
        >
          <svg
            class="help-icon"
          >
            Shuttle.svg
          </svg>
        </div>
        <div
          class="help-item-text"
        >
          <div
            class="title"
          >
            Content shuttle-27
          </div>
          <div
            class="description"
          >
            Description for shuttle-27
          </div>
          <div
            class="url"
          >
            https://27.example.com/index?t=599
          </div>
        </div>
      </li>
      <li
        class="help-item"
      >
        <div
          class="help-list-icon"
        >
          <svg
            class="help-icon"
          >
            Video.svg
          </svg>
        </div>
        <div
          class="help-item-text"
        >
          <div
            class="title"
          >
            Content video-981
          </div>
          <div
            class="description"
          >
            Description for video-981
          </div>
        </div>
      </li>
      <li
        class="help-item"
      >
        <div
          class="help-list-icon"
        >
          <svg
            class="help-icon"
          >
            Article.svg
          </svg>
        </div>
        <div
          class="help-item-text"
        >
          <div
            class="title"
          >
            Content article-723
          </div>
          <div
            class="description"
          >
            Description for article-723
          </div>
        </div>
      </li>
      <li
        class="help-item"
      >
        <div
          class="help-list-icon"
        >
          <svg
            class="help-icon"
          >
            Walkthru.svg
          </svg>
        </div>
        <div
          class="help-item-text"
        >
          <div
            class="title"
          >
            Content smart-walkthru-554
          </div>
          <div
            class="description"
          >
            Description for smart-walkthru-554
          </div>
        </div>
      </li>
      <li
        class="help-item"
      >
        <div
          class="help-list-icon"
        >
          <svg
            class="help-icon"
          >
            Shuttle.svg
          </svg>
        </div>
        <div
          class="help-item-text"
        >
          <div
            class="title"
          >
            Content shuttle-70
          </div>
          <div
            class="description"
          >
            Description for shuttle-70
          </div>
          <div
            class="url"
          >
            https://27.example.com/index?t=599
          </div>
        </div>
      </li>
      <li
        class="help-item"
      >
        <div
          class="help-list-icon"
        >
          <svg
            class="help-icon"
          >
            Video.svg
          </svg>
        </div>
        <div
          class="help-item-text"
        >
          <div
            class="title"
          >
            Content video-896
          </div>
          <div
            class="description"
          >
            Description for video-896
          </div>
        </div>
      </li>
      <li
        class="help-item"
      >
        <div
          class="help-list-icon"
        >
          <svg
            class="help-icon"
          >
            Article.svg
          </svg>
        </div>
        <div
          class="help-item-text"
        >
          <div
            class="title"
          >
            Content article-522
          </div>
          <div
            class="description"
          >
            Description for article-522
          </div>
        </div>
      </li>
      <li
        class="help-item"
      >
        <div
          class="help-list-icon"
        >
          <svg
            class="help-icon"
          >
            Shuttle.svg
          </svg>
        </div>
        <div
          class="help-item-text"
        >
          <div
            class="title"
          >
            Content shuttle-518
          </div>
          <div
            class="description"
          >
            Description for shuttle-518
          </div>
          <div
            class="url"
          >
            https://27.example.com/index?t=599
          </div>
        </div>
      </li>
      <li
        class="help-item"
      >
        <div
          class="help-list-icon"
        >
          <svg
            class="help-icon"
          >
            Shuttle.svg
          </svg>
        </div>
        <div
          class="help-item-text"
        >
          <div
            class="title"
          >
            Content shuttle-492
          </div>
          <div
            class="description"
          >
            Description for shuttle-492
          </div>
          <div
            class="url"
          >
            https://27.example.com/index?t=599
          </div>
        </div>
      </li>
      <li
        class="help-item"
      >
        <div
          class="help-list-icon"
        >
          <svg
            class="help-icon"
          >
            Shuttle.svg
          </svg>
        </div>
        <div
          class="help-item-text"
        >
          <div
            class="title"
          >
            Content shuttle-971
          </div>
          <div
            class="description"
          >
            Description for shuttle-971
          </div>
          <div
            class="url"
          >
            https://27.example.com/index?t=599
          </div>
        </div>
      </li>
      <li
        class="help-item"
      >
        <div
          class="help-list-icon"
        >
          <svg
            class="help-icon"
          >
            Shuttle.svg
          </svg>
        </div>
        <div
          class="help-item-text"
        >
          <div
            class="title"
          >
            Content shuttle-708
          </div>
          <div
            class="description"
          >
            Description for shuttle-708
          </div>
          <div
            class="url"
          >
            https://27.example.com/index?t=599
          </div>
        </div>
      </li>
      <li
        class="help-item"
      >
        <div
          class="help-list-icon"
        >
          <svg
            class="help-icon"
          >
            Shuttle.svg
          </svg>
        </div>
        <div
          class="help-item-text"
        >
          <div
            class="title"
          >
            Content shuttle-132
          </div>
          <div
            class="description"
          >
            Description for shuttle-132
          </div>
          <div
            class="url"
          >
            https://27.example.com/index?t=599
          </div>
        </div>
      </li>
      <li
        class="help-item"
      >
        <div
          class="help-list-icon"
        >
          <svg
            class="help-icon"
          >
            Shuttle.svg
          </svg>
        </div>
        <div
          class="help-item-text"
        >
          <div
            class="title"
          >
            Content shuttle-381
          </div>
          <div
            class="description"
          >
            Description for shuttle-381
          </div>
          <div
            class="url"
          >
            https://27.example.com/index?t=599
          </div>
        </div>
      </li>
      <li
        class="help-item"
      >
        <div
          class="help-list-icon"
        >
          <svg
            class="help-icon"
          >
            Shuttle.svg
          </svg>
        </div>
        <div
          class="help-item-text"
        >
          <div
            class="title"
          >
            Content shuttle-304
          </div>
          <div
            class="description"
          >
            Description for shuttle-304
          </div>
          <div
            class="url"
          >
            https://27.example.com/index?t=599
          </div>
        </div>
      </li>
      <li
        class="help-item"
      >
        <div
          class="help-list-icon"
        >
          <svg
            class="help-icon"
          >
            Shuttle.svg
          </svg>
        </div>
        <div
          class="help-item-text"
        >
          <div
            class="title"
          >
            Content shuttle-353
          </div>
          <div
            class="description"
          >
            Description for shuttle-353
          </div>
          <div
            class="url"
          >
            https://27.example.com/index?t=599
          </div>
        </div>
      </li>
      <li
        class="help-item"
      >
        <div
          class="help-list-icon"
        >
          <svg
            class="help-icon"
          >
            Shuttle.svg
          </svg>
        </div>
        <div
          class="help-item-text"
        >
          <div
            class="title"
          >
            Content shuttle-548
          </div>
          <div
            class="description"
          >
            Description for shuttle-548
          </div>
          <div
            class="url"
          >
            https://27.example.com/index?t=599
          </div>
        </div>
      </li>
      <li
        class="help-item"
      >
        <div
          class="help-list-icon"
        >
          <svg
            class="help-icon"
          >
            Shuttle.svg
          </svg>
        </div>
        <div
          class="help-item-text"
        >
          <div
            class="title"
          >
            Content shuttle-481
          </div>
          <div
            class="description"
          >
            Description for shuttle-481
          </div>
          <div
            class="url"
          >
            https://27.example.com/index?t=599
          </div>
        </div>
      </li>
      <li
        class="search-result-item"
      >
        <div
          class="icon"
        >
          <svg
            class="search-result-icon"
          >
            Google.svg
          </svg>
        </div>
        <div
          class="search-result-text"
        >
          <div
            class="title"
          >
            Peace to Prosperity　
          </div>
          <div
            class="knowledge-base-type"
          >
            Google
          </div>
          <div
            class="description"
          >
            Jan 1, 2020 ... CONTENTS. GLOSSARY | 1 ... adjustments to the share of Egyptian, Israeli, or 
Palestinian content required to meet the 35 percent content.
          </div>
          <div
            class="url"
          >
            http://pic-upload.ynet.co.il/news/Peace-to-Prosperity-0120.pdf
          </div>
        </div>
      </li>
      <li
        class="search-result-item"
      >
        <div
          class="icon"
        >
          <svg
            class="search-result-icon"
          >
            Google.svg
          </svg>
        </div>
        <div
          class="search-result-text"
        >
          <div
            class="title"
          >
            USDA National Fluoride Database of Selected Beverages and...　
          </div>
          <div
            class="knowledge-base-type"
          >
            Google
          </div>
          <div
            class="description"
          >
            Fluoride content of municipal water in the United States: What percentage is 
fluoridated? J. Food Comp. Anal. 16(5): 621-628. Ophaug RH. 1983-1987.
          </div>
          <div
            class="url"
          >
            http://go.ynet.co.il/pic/briut/F02.pdf
          </div>
        </div>
      </li>
      <li
        class="search-result-item"
      >
        <div
          class="icon"
        >
          <svg
            class="search-result-icon"
          >
            Google.svg
          </svg>
        </div>
        <div
          class="search-result-text"
        >
          <div
            class="title"
          >
            Fat and Energy Contents of Expressed Human Breast Milk in...　
          </div>
          <div
            class="knowledge-base-type"
          >
            Google
          </div>
          <div
            class="description"
          >
            Energy contents of the milk were measured with a bomb calorimeter. Results. 
The groups did not differ in terms of mater- nal height and diet, infant birth weight,
 ...
          </div>
          <div
            class="url"
          >
            http://prdupl02.ynet.co.il/ForumFiles/13424549.pdf
          </div>
        </div>
      </li>
      <li
        class="search-result-item"
      >
        <div
          class="icon"
        >
          <svg
            class="search-result-icon"
          >
            Google.svg
          </svg>
        </div>
        <div
          class="search-result-text"
        >
          <div
            class="title"
          >
            אמבלייז רוכשת השליטה ב-Smart Content מרעננה　
          </div>
          <div
            class="knowledge-base-type"
          >
            Google
          </div>
          <div
            class="description"
          >
            16 ינואר 2006 ... Smart Content מפתח טכנולוגיה ל"דחיפת" תוכן מותאם אישית למכשירים ניידים ומחשבים 
אישיים על גבי רשתות אלחוטיות ו-IP. אמבלייז מתכוונת לשלב את טכנולוגיית ...
          </div>
          <div
            class="url"
          >
            https://www.ynet.co.il/articles/0,7340,L-3201198,00.html
          </div>
        </div>
      </li>
      <li
        class="search-result-item"
      >
        <div
          class="icon"
        >
          <svg
            class="search-result-icon"
          >
            Google.svg
          </svg>
        </div>
        <div
          class="search-result-text"
        >
          <div
            class="title"
          >
            מפת הבחירות של ישראל 2019 - ynet　
          </div>
          <div
            class="knowledge-base-type"
          >
            Google
          </div>
          <div
            class="description"
          >
            המידע המוצג מבוסס על עיבוד שערך אתר ״מדלן - הכל על בתים ושכונות״ לנתוני ועדת הבחירות 
המרכזית. נתוני השכונות מקורבים לפי התאמת קלפיות. כל המידע מוצג תחת תנאי השימוש ...
          </div>
          <div
            class="url"
          >
            https://z.ynet.co.il/short/content/ElectionMap2019/
          </div>
        </div>
      </li>
      <li
        class="search-result-item"
      >
        <div
          class="icon"
        >
          <svg
            class="search-result-icon"
          >
            Google.svg
          </svg>
        </div>
        <div
          class="search-result-text"
        >
          <div
            class="title"
          >
            X-rays　
          </div>
          <div
            class="knowledge-base-type"
          >
            Google
          </div>
          <div
            class="description"
          >
            hirty years ago, X-rays were the only way to see what was going on inside your 
body. Now other methods of medical imaging are available, some using different
 ...
          </div>
          <div
            class="url"
          >
            http://prdupl02.ynet.co.il/ForumFiles_2/16567358.pdf
          </div>
        </div>
      </li>
      <li
        class="search-result-item"
      >
        <div
          class="icon"
        >
          <svg
            class="search-result-icon"
          >
            Google.svg
          </svg>
        </div>
        <div
          class="search-result-text"
        >
          <div
            class="title"
          >
            Vizual.ai　
          </div>
          <div
            class="knowledge-base-type"
          >
            Google
          </div>
          <div
            class="description"
          >
            Content Publishers, Photo Editors & Online Retailers can now leverage the 
power of the Vizual.ai platform to select the optimal imagery for their customers.
          </div>
          <div
            class="url"
          >
            https://yq-api.ynet.co.il/
          </div>
        </div>
      </li>
      <li
        class="search-result-item"
      >
        <div
          class="icon"
        >
          <svg
            class="search-result-icon"
          >
            Google.svg
          </svg>
        </div>
        <div
          class="search-result-text"
        >
          <div
            class="title"
          >
            גוגל: בטא של תוכנית Adsense for Content בעברית　
          </div>
          <div
            class="knowledge-base-type"
          >
            Google
          </div>
          <div
            class="description"
          >
            27 דצמבר 2006 ... השירות של גוגל, המאפשר הצבת מודעות קשורות תוכן, הושק בעברית בבטא, בשלב ראשון רק 
באתר תפוז.
          </div>
          <div
            class="url"
          >
            https://www.ynet.co.il/articles/0,7340,L-3345160,00.html
          </div>
        </div>
      </li>
      <li
        class="search-result-item"
      >
        <div
          class="icon"
        >
          <svg
            class="search-result-icon"
          >
            Google.svg
          </svg>
        </div>
        <div
          class="search-result-text"
        >
          <div
            class="title"
          >
            (function() { CmmAppVideoApi.DecorationTypes = { Credit: ...　
          </div>
          <div
            class="knowledge-base-type"
          >
            Google
          </div>
          <div
            class="description"
          >
            _registerContentEvents(content); this.pool.push(content); }; }; this.
_registerContentEvents = function(content){ var contentEvents = content.
getEventList(); ...
          </div>
          <div
            class="url"
          >
            https://www.ynet.co.il/Cmn/App/Video/CmmAppVideoApi_Js_Content/0,13943,280716135620,00.html
          </div>
        </div>
      </li>
      <li
        class="search-result-item"
      >
        <div
          class="icon"
        >
          <svg
            class="search-result-icon"
          >
            Google.svg
          </svg>
        </div>
        <div
          class="search-result-text"
        >
          <div
            class="title"
          >
            תחרות בתחומי העיצוב וה-e-Content　
          </div>
          <div
            class="knowledge-base-type"
          >
            Google
          </div>
          <div
            class="description"
          >
            23 יוני 2006 ... Top Talent של EUROPRIX היא תחרות אירופית עבור סטודנטים ואנשי מקצוע צעירים, 
העוסקים בפרויקטים חדשניים בתחומי העיצוב וה- e-Content (תוכן אלקטרוני), ...
          </div>
          <div
            class="url"
          >
            https://www.ynet.co.il/articles/0,7340,L-3266501,00.html
          </div>
        </div>
      </li>
    </ul>
  </div>
</div>
`;
